2025-07-10 18:00:06,003 - [Prompt] Board ID（1-160）:
2025-07-10 18:00:06,695 - [User Input] 62
2025-07-10 18:00:06,711 - Init the Score board...

2025-07-10 18:00:06,712 - Number of test: 19
2025-07-10 18:00:06,712 - 
====================-----=====-----=====-----====================

2025-07-10 18:00:06,713 - Please hold down the SAM-BOOT button and then connect the device with a USB cable.

2025-07-10 18:00:06,713 - ====================-----=====-----=====-----====================


2025-07-10 18:00:06,714 - Waiting for RP2040 device connection...

2025-07-10 18:00:13,728 - Detected RP2040 device.

2025-07-10 18:00:13,772 - flash_nuke.uf2 uploaded successfully.
2025-07-10 18:00:13,773 - Waiting for RP2040 device to reconnect...

2025-07-10 18:00:27,261 - RPI_PICO-20240222-v1.22.2.uf2 uploaded successfully.

2025-07-10 18:00:27,568 - mpremote 设备已连接。

2025-07-10 18:00:30,778 - eink_driver_sam.py uploaded successfully via mpremote.

2025-07-10 18:00:32,344 - loading1.bin uploaded successfully via mpremote.

2025-07-10 18:00:33,887 - loading2.bin uploaded successfully via mpremote.

2025-07-10 18:00:35,111 - main.py uploaded successfully via mpremote.

2025-07-10 18:00:35,685 - upload.sh uploaded successfully via mpremote.

2025-07-10 18:00:37,241 - white.bin uploaded successfully via mpremote.

2025-07-10 18:00:37,254 - 已向 COM8 发送1200bps重启信号。

2025-07-10 18:00:39,286 - 
====================-----=====-----=====-----====================

2025-07-10 18:00:39,286 - Unplug

2025-07-10 18:00:39,287 - Please insert the CM5 module into the board.

2025-07-10 18:00:39,287 - Hold the CM5-boot and plug USB.

2025-07-10 18:00:39,288 - ====================-----=====-----=====-----====================


2025-07-10 18:00:42,289 - 
+++++++++++++++++++++++++++++++++++++++++++++++++++++++++++++++

2025-07-10 18:00:42,289 - [Prompt] Check if the Eink flash and display images (y/n):
2025-07-10 18:00:54,713 - [User Input] n
2025-07-10 18:00:54,713 - Eink and flash test failed.

2025-07-10 18:00:54,743 - 
==================== LED 检查 ====================

2025-07-10 18:00:54,743 - 请观察板子上的LED灯状态：
2025-07-10 18:00:54,744 -   - LED1: 顶部前方的LED
2025-07-10 18:00:54,744 -   - LED2: 侧面前方的LED

2025-07-10 18:00:54,745 - 请依次点亮LED1和LED2，并根据实际情况输入结果。
2025-07-10 18:00:54,745 - --------------------------------------------------

2025-07-10 18:00:55,746 - [Prompt] LED1 (top front) 是否正常点亮？(y/n):
2025-07-10 18:00:56,316 - [User Input] y
2025-07-10 18:00:56,316 - LED1 检查通过。

2025-07-10 18:00:56,317 - [Prompt] LED2 (side front) 是否正常点亮？(y/n):
2025-07-10 18:00:56,493 - [User Input] y
2025-07-10 18:00:56,493 - LED2 检查通过。

2025-07-10 18:00:56,494 - LED 检查完成。

2025-07-10 18:00:56,564 - Board ID 62 saved.
2025-07-10 18:00:56,565 - [Prompt] Keep test (y/n):
2025-07-10 18:00:57,531 - [User Input] y
2025-07-10 18:00:57,531 - [Prompt] Board ID（1-160）:
2025-07-10 18:01:01,619 - [User Input] 129
2025-07-10 18:01:01,670 - Init the Score board...

2025-07-10 18:01:01,671 - Number of test: 19
2025-07-10 18:01:01,671 - 
====================-----=====-----=====-----====================

2025-07-10 18:01:01,672 - Please hold down the SAM-BOOT button and then connect the device with a USB cable.

2025-07-10 18:01:01,672 - ====================-----=====-----=====-----====================


2025-07-10 18:01:01,673 - Waiting for RP2040 device connection...

2025-07-10 18:01:06,743 - Detected RP2040 device.

2025-07-10 18:01:06,799 - flash_nuke.uf2 uploaded successfully.
2025-07-10 18:01:06,799 - Waiting for RP2040 device to reconnect...

2025-07-10 18:01:19,599 - RPI_PICO-20240222-v1.22.2.uf2 uploaded successfully.

2025-07-10 18:01:19,949 - mpremote 设备已连接。

2025-07-10 18:01:23,228 - eink_driver_sam.py uploaded successfully via mpremote.

2025-07-10 18:01:24,788 - loading1.bin uploaded successfully via mpremote.

2025-07-10 18:01:26,342 - loading2.bin uploaded successfully via mpremote.

2025-07-10 18:01:27,610 - main.py uploaded successfully via mpremote.

2025-07-10 18:01:28,220 - upload.sh uploaded successfully via mpremote.

2025-07-10 18:01:29,751 - white.bin uploaded successfully via mpremote.

2025-07-10 18:01:29,765 - 已向 COM8 发送1200bps重启信号。

2025-07-10 18:01:31,786 - 
====================-----=====-----=====-----====================

2025-07-10 18:01:31,786 - Unplug

2025-07-10 18:01:31,786 - Please insert the CM5 module into the board.

2025-07-10 18:01:31,786 - Hold the CM5-boot and plug USB.

2025-07-10 18:01:31,787 - ====================-----=====-----=====-----====================


2025-07-10 18:01:34,787 - 
+++++++++++++++++++++++++++++++++++++++++++++++++++++++++++++++

2025-07-10 18:01:34,788 - [Prompt] Check if the Eink flash and display images (y/n):
2025-07-10 18:01:51,527 - [User Input] n
2025-07-10 18:01:51,528 - Eink and flash test failed.

2025-07-10 18:01:51,557 - 
==================== LED 检查 ====================

2025-07-10 18:01:51,558 - 请观察板子上的LED灯状态：
2025-07-10 18:01:51,558 -   - LED1: 顶部前方的LED
2025-07-10 18:01:51,558 -   - LED2: 侧面前方的LED

2025-07-10 18:01:51,559 - 请依次点亮LED1和LED2，并根据实际情况输入结果。
2025-07-10 18:01:51,559 - --------------------------------------------------

2025-07-10 18:01:52,560 - [Prompt] LED1 (top front) 是否正常点亮？(y/n):
2025-07-10 18:01:52,561 - [User Input] y
2025-07-10 18:01:52,561 - LED1 检查通过。

2025-07-10 18:01:52,562 - [Prompt] LED2 (side front) 是否正常点亮？(y/n):
2025-07-10 18:01:52,586 - [User Input] y
2025-07-10 18:01:52,586 - LED2 检查通过。

2025-07-10 18:01:52,586 - LED 检查完成。

2025-07-10 18:01:52,654 - Board ID 129 saved.
2025-07-10 18:01:52,654 - [Prompt] Keep test (y/n):
2025-07-10 18:01:53,524 - [User Input] y
2025-07-10 18:01:53,524 - [Prompt] Board ID（1-160）:
2025-07-10 18:01:55,108 - [User Input] 131
2025-07-10 18:01:55,162 - Init the Score board...

2025-07-10 18:01:55,163 - Number of test: 19
2025-07-10 18:01:55,163 - 
====================-----=====-----=====-----====================

2025-07-10 18:01:55,163 - Please hold down the SAM-BOOT button and then connect the device with a USB cable.

2025-07-10 18:01:55,164 - ====================-----=====-----=====-----====================


2025-07-10 18:01:55,164 - Waiting for RP2040 device connection...

2025-07-10 18:01:55,168 - Detected RP2040 device.

2025-07-10 18:01:55,204 - flash_nuke.uf2 uploaded successfully.
2025-07-10 18:01:55,205 - Waiting for RP2040 device to reconnect...

2025-07-10 18:02:07,754 - RPI_PICO-20240222-v1.22.2.uf2 uploaded successfully.

2025-07-10 18:02:08,139 - mpremote 设备已连接。

2025-07-10 18:02:11,490 - eink_driver_sam.py uploaded successfully via mpremote.

2025-07-10 18:02:13,096 - loading1.bin uploaded successfully via mpremote.

2025-07-10 18:02:14,603 - loading2.bin uploaded successfully via mpremote.

2025-07-10 18:02:15,899 - main.py uploaded successfully via mpremote.

2025-07-10 18:02:16,625 - upload.sh uploaded successfully via mpremote.

2025-07-10 18:02:18,199 - white.bin uploaded successfully via mpremote.

2025-07-10 18:02:18,207 - 已向 COM8 发送1200bps重启信号。

2025-07-10 18:02:20,229 - 
====================-----=====-----=====-----====================

2025-07-10 18:02:20,230 - Unplug

2025-07-10 18:02:20,230 - Please insert the CM5 module into the board.

2025-07-10 18:02:20,231 - Hold the CM5-boot and plug USB.

2025-07-10 18:02:20,231 - ====================-----=====-----=====-----====================


2025-07-10 18:02:23,232 - 
+++++++++++++++++++++++++++++++++++++++++++++++++++++++++++++++

2025-07-10 18:02:23,232 - [Prompt] Check if the Eink flash and display images (y/n):
2025-07-10 18:02:35,559 - [User Input] n
2025-07-10 18:02:35,560 - Eink and flash test failed.

2025-07-10 18:02:35,586 - 
==================== LED 检查 ====================

2025-07-10 18:02:35,586 - 请观察板子上的LED灯状态：
2025-07-10 18:02:35,587 -   - LED1: 顶部前方的LED
2025-07-10 18:02:35,587 -   - LED2: 侧面前方的LED

2025-07-10 18:02:35,588 - 请依次点亮LED1和LED2，并根据实际情况输入结果。
2025-07-10 18:02:35,588 - --------------------------------------------------

2025-07-10 18:02:36,589 - [Prompt] LED1 (top front) 是否正常点亮？(y/n):
2025-07-10 18:02:36,666 - [User Input] y
2025-07-10 18:02:36,667 - LED1 检查通过。

2025-07-10 18:02:36,667 - [Prompt] LED2 (side front) 是否正常点亮？(y/n):
2025-07-10 18:02:36,843 - [User Input] y
2025-07-10 18:02:36,844 - LED2 检查通过。

2025-07-10 18:02:36,844 - LED 检查完成。

2025-07-10 18:02:36,903 - Board ID 131 saved.
2025-07-10 18:02:36,904 - [Prompt] Keep test (y/n):
2025-07-10 18:02:37,597 - [User Input] y
2025-07-10 18:02:37,597 - [Prompt] Board ID（1-160）:
2025-07-10 18:02:48,452 - [User Input] 58
2025-07-10 18:02:48,509 - Init the Score board...

2025-07-10 18:02:48,509 - Number of test: 19
2025-07-10 18:02:48,510 - 
====================-----=====-----=====-----====================

2025-07-10 18:02:48,510 - Please hold down the SAM-BOOT button and then connect the device with a USB cable.

2025-07-10 18:02:48,511 - ====================-----=====-----=====-----====================


2025-07-10 18:02:48,511 - Waiting for RP2040 device connection...

2025-07-10 18:02:55,526 - Detected RP2040 device.

2025-07-10 18:02:55,582 - flash_nuke.uf2 uploaded successfully.
2025-07-10 18:02:55,583 - Waiting for RP2040 device to reconnect...

2025-07-10 18:03:07,410 - RPI_PICO-20240222-v1.22.2.uf2 uploaded successfully.

2025-07-10 18:03:07,820 - mpremote 设备已连接。

2025-07-10 18:03:11,072 - eink_driver_sam.py uploaded successfully via mpremote.

2025-07-10 18:03:12,595 - loading1.bin uploaded successfully via mpremote.

2025-07-10 18:03:14,151 - loading2.bin uploaded successfully via mpremote.

2025-07-10 18:03:15,433 - main.py uploaded successfully via mpremote.

2025-07-10 18:03:16,059 - upload.sh uploaded successfully via mpremote.

2025-07-10 18:03:17,715 - white.bin uploaded successfully via mpremote.

2025-07-10 18:03:17,729 - 已向 COM8 发送1200bps重启信号。

2025-07-10 18:03:19,754 - 
====================-----=====-----=====-----====================

2025-07-10 18:03:19,755 - Unplug

2025-07-10 18:03:19,756 - Please insert the CM5 module into the board.

2025-07-10 18:03:19,756 - Hold the CM5-boot and plug USB.

2025-07-10 18:03:19,756 - ====================-----=====-----=====-----====================


2025-07-10 18:03:22,757 - 
+++++++++++++++++++++++++++++++++++++++++++++++++++++++++++++++

2025-07-10 18:03:22,758 - [Prompt] Check if the Eink flash and display images (y/n):
2025-07-10 18:16:17,734 - [User Input] n
2025-07-10 18:16:17,734 - Eink and flash test failed.

2025-07-10 18:16:17,758 - 
==================== LED 检查 ====================

2025-07-10 18:16:17,759 - 请观察板子上的LED灯状态：
2025-07-10 18:16:17,759 -   - LED1: 顶部前方的LED
2025-07-10 18:16:17,759 -   - LED2: 侧面前方的LED

2025-07-10 18:16:17,760 - 请依次点亮LED1和LED2，并根据实际情况输入结果。
2025-07-10 18:16:17,760 - --------------------------------------------------

2025-07-10 18:16:18,761 - [Prompt] LED1 (top front) 是否正常点亮？(y/n):
2025-07-10 18:16:19,888 - [User Input] y
2025-07-10 18:16:19,888 - LED1 检查通过。

2025-07-10 18:16:19,889 - [Prompt] LED2 (side front) 是否正常点亮？(y/n):
2025-07-10 18:16:20,108 - [User Input] y
2025-07-10 18:16:20,108 - LED2 检查通过。

2025-07-10 18:16:20,109 - LED 检查完成。

2025-07-10 18:16:20,191 - Board ID 58 saved.
2025-07-10 18:16:20,192 - [Prompt] Keep test (y/n):
2025-07-10 18:16:20,987 - [User Input] y
2025-07-10 18:16:20,988 - [Prompt] Board ID（1-160）:
2025-07-10 18:16:22,546 - [User Input] 135
2025-07-10 18:16:22,606 - Init the Score board...

2025-07-10 18:16:22,606 - Number of test: 19
2025-07-10 18:16:22,607 - 
====================-----=====-----=====-----====================

2025-07-10 18:16:22,607 - Please hold down the SAM-BOOT button and then connect the device with a USB cable.

2025-07-10 18:16:22,608 - ====================-----=====-----=====-----====================


2025-07-10 18:16:22,608 - Waiting for RP2040 device connection...

2025-07-10 18:16:28,638 - Detected RP2040 device.

2025-07-10 18:16:28,701 - flash_nuke.uf2 uploaded successfully.
2025-07-10 18:16:28,702 - Waiting for RP2040 device to reconnect...

2025-07-10 18:16:41,665 - RPI_PICO-20240222-v1.22.2.uf2 uploaded successfully.

2025-07-10 18:16:42,012 - mpremote 设备已连接。

2025-07-10 18:16:45,337 - eink_driver_sam.py uploaded successfully via mpremote.

2025-07-10 18:16:46,893 - loading1.bin uploaded successfully via mpremote.

2025-07-10 18:16:48,473 - loading2.bin uploaded successfully via mpremote.

2025-07-10 18:16:49,705 - main.py uploaded successfully via mpremote.

2025-07-10 18:16:50,323 - upload.sh uploaded successfully via mpremote.

2025-07-10 18:16:51,914 - white.bin uploaded successfully via mpremote.

2025-07-10 18:16:51,928 - 已向 COM8 发送1200bps重启信号。

2025-07-10 18:16:53,947 - 
====================-----=====-----=====-----====================

2025-07-10 18:16:53,947 - Unplug

2025-07-10 18:16:53,947 - Please insert the CM5 module into the board.

2025-07-10 18:16:53,948 - Hold the CM5-boot and plug USB.

2025-07-10 18:16:53,948 - ====================-----=====-----=====-----====================


2025-07-10 18:16:56,948 - 
+++++++++++++++++++++++++++++++++++++++++++++++++++++++++++++++

2025-07-10 18:16:56,949 - [Prompt] Check if the Eink flash and display images (y/n):
2025-07-10 18:17:11,873 - [User Input] n
2025-07-10 18:17:11,873 - Eink and flash test failed.

2025-07-10 18:17:11,903 - 
==================== LED 检查 ====================

2025-07-10 18:17:11,903 - 请观察板子上的LED灯状态：
2025-07-10 18:17:11,904 -   - LED1: 顶部前方的LED
2025-07-10 18:17:11,904 -   - LED2: 侧面前方的LED

2025-07-10 18:17:11,905 - 请依次点亮LED1和LED2，并根据实际情况输入结果。
2025-07-10 18:17:11,905 - --------------------------------------------------

2025-07-10 18:17:12,906 - [Prompt] LED1 (top front) 是否正常点亮？(y/n):
2025-07-10 18:17:44,258 - [User Input] y
2025-07-10 18:17:44,259 - LED1 检查通过。

2025-07-10 18:17:44,259 - [Prompt] LED2 (side front) 是否正常点亮？(y/n):
2025-07-10 18:17:44,890 - [User Input] y
2025-07-10 18:17:44,891 - LED2 检查通过。

2025-07-10 18:17:44,891 - LED 检查完成。

2025-07-10 18:17:44,959 - Board ID 135 saved.
2025-07-10 18:17:44,960 - [Prompt] Keep test (y/n):
2025-07-10 18:17:45,450 - [User Input] y
2025-07-10 18:17:45,451 - [Prompt] Board ID（1-160）:
2025-07-10 18:17:48,218 - [User Input] 61
2025-07-10 18:17:48,278 - Init the Score board...

2025-07-10 18:17:48,279 - Number of test: 19
2025-07-10 18:17:48,279 - 
====================-----=====-----=====-----====================

2025-07-10 18:17:48,279 - Please hold down the SAM-BOOT button and then connect the device with a USB cable.

2025-07-10 18:17:48,280 - ====================-----=====-----=====-----====================


2025-07-10 18:17:48,280 - Waiting for RP2040 device connection...

2025-07-10 18:17:54,294 - Detected RP2040 device.

2025-07-10 18:17:54,332 - flash_nuke.uf2 uploaded successfully.
2025-07-10 18:17:54,334 - Waiting for RP2040 device to reconnect...

2025-07-10 18:18:06,217 - RPI_PICO-20240222-v1.22.2.uf2 uploaded successfully.

2025-07-10 18:18:06,944 - mpremote 设备已连接。

2025-07-10 18:18:10,279 - eink_driver_sam.py uploaded successfully via mpremote.

2025-07-10 18:18:11,875 - loading1.bin uploaded successfully via mpremote.

2025-07-10 18:18:13,415 - loading2.bin uploaded successfully via mpremote.

2025-07-10 18:18:14,636 - main.py uploaded successfully via mpremote.

2025-07-10 18:18:15,237 - upload.sh uploaded successfully via mpremote.

2025-07-10 18:18:16,824 - white.bin uploaded successfully via mpremote.

2025-07-10 18:18:16,832 - 已向 COM8 发送1200bps重启信号。

2025-07-10 18:18:18,852 - 
====================-----=====-----=====-----====================

2025-07-10 18:18:18,853 - Unplug

2025-07-10 18:18:18,853 - Please insert the CM5 module into the board.

2025-07-10 18:18:18,854 - Hold the CM5-boot and plug USB.

2025-07-10 18:18:18,854 - ====================-----=====-----=====-----====================


2025-07-10 18:18:21,856 - 
+++++++++++++++++++++++++++++++++++++++++++++++++++++++++++++++

2025-07-10 18:18:21,857 - [Prompt] Check if the Eink flash and display images (y/n):
2025-07-10 18:18:31,358 - [User Input] n
2025-07-10 18:18:31,358 - Eink and flash test failed.

2025-07-10 18:18:31,385 - 
==================== LED 检查 ====================

2025-07-10 18:18:31,386 - 请观察板子上的LED灯状态：
2025-07-10 18:18:31,387 -   - LED1: 顶部前方的LED
2025-07-10 18:18:31,387 -   - LED2: 侧面前方的LED

2025-07-10 18:18:31,387 - 请依次点亮LED1和LED2，并根据实际情况输入结果。
2025-07-10 18:18:31,388 - --------------------------------------------------

2025-07-10 18:18:32,391 - [Prompt] LED1 (top front) 是否正常点亮？(y/n):
2025-07-10 18:18:32,620 - [User Input] y
2025-07-10 18:18:32,621 - LED1 检查通过。

2025-07-10 18:18:32,621 - [Prompt] LED2 (side front) 是否正常点亮？(y/n):
2025-07-10 18:18:32,859 - [User Input] y
2025-07-10 18:18:32,860 - LED2 检查通过。

2025-07-10 18:18:32,860 - LED 检查完成。

2025-07-10 18:18:32,938 - Board ID 61 saved.
2025-07-10 18:18:32,938 - [Prompt] Keep test (y/n):
2025-07-10 18:18:34,906 - [User Input] y
2025-07-10 18:18:34,906 - [Prompt] Board ID（1-160）:
2025-07-10 18:18:36,296 - [User Input] 64
2025-07-10 18:18:36,346 - Init the Score board...

2025-07-10 18:18:36,346 - Number of test: 19
2025-07-10 18:18:36,347 - 
====================-----=====-----=====-----====================

2025-07-10 18:18:36,347 - Please hold down the SAM-BOOT button and then connect the device with a USB cable.

2025-07-10 18:18:36,347 - ====================-----=====-----=====-----====================


2025-07-10 18:18:36,348 - Waiting for RP2040 device connection...

2025-07-10 18:18:44,369 - Detected RP2040 device.

2025-07-10 18:18:44,414 - flash_nuke.uf2 uploaded successfully.
2025-07-10 18:18:44,415 - Waiting for RP2040 device to reconnect...

2025-07-10 18:18:57,104 - RPI_PICO-20240222-v1.22.2.uf2 uploaded successfully.

2025-07-10 18:18:57,604 - mpremote 设备已连接。

2025-07-10 18:19:00,928 - eink_driver_sam.py uploaded successfully via mpremote.

2025-07-10 18:19:02,524 - loading1.bin uploaded successfully via mpremote.

2025-07-10 18:19:04,087 - loading2.bin uploaded successfully via mpremote.

2025-07-10 18:19:05,454 - main.py uploaded successfully via mpremote.

2025-07-10 18:19:06,067 - upload.sh uploaded successfully via mpremote.

2025-07-10 18:19:07,610 - white.bin uploaded successfully via mpremote.

2025-07-10 18:19:07,620 - 已向 COM8 发送1200bps重启信号。

2025-07-10 18:19:09,642 - 
====================-----=====-----=====-----====================

2025-07-10 18:19:09,642 - Unplug

2025-07-10 18:19:09,643 - Please insert the CM5 module into the board.

2025-07-10 18:19:09,643 - Hold the CM5-boot and plug USB.

2025-07-10 18:19:09,643 - ====================-----=====-----=====-----====================


2025-07-10 18:19:12,646 - 
+++++++++++++++++++++++++++++++++++++++++++++++++++++++++++++++

2025-07-10 18:19:12,647 - [Prompt] Check if the Eink flash and display images (y/n):
2025-07-10 18:19:31,015 - [User Input] n
2025-07-10 18:19:31,015 - Eink and flash test failed.

2025-07-10 18:19:31,045 - 
==================== LED 检查 ====================

2025-07-10 18:19:31,045 - 请观察板子上的LED灯状态：
2025-07-10 18:19:31,046 -   - LED1: 顶部前方的LED
2025-07-10 18:19:31,046 -   - LED2: 侧面前方的LED

2025-07-10 18:19:31,047 - 请依次点亮LED1和LED2，并根据实际情况输入结果。
2025-07-10 18:19:31,047 - --------------------------------------------------

2025-07-10 18:19:32,052 - [Prompt] LED1 (top front) 是否正常点亮？(y/n):
2025-07-10 18:19:32,209 - [User Input] y
2025-07-10 18:19:32,210 - LED1 检查通过。

2025-07-10 18:19:32,210 - [Prompt] LED2 (side front) 是否正常点亮？(y/n):
2025-07-10 18:19:32,500 - [User Input] y
2025-07-10 18:19:32,500 - LED2 检查通过。

2025-07-10 18:19:32,501 - LED 检查完成。

2025-07-10 18:19:32,563 - Board ID 64 saved.
2025-07-10 18:19:32,563 - [Prompt] Keep test (y/n):
2025-07-10 18:19:33,534 - [User Input] y
2025-07-10 18:19:33,534 - [Prompt] Board ID（1-160）:
2025-07-10 18:19:57,491 - [User Input] 64
2025-07-10 18:19:57,556 - [Warning] This board ID has already been tested. Please enter a new ID.

2025-07-10 18:19:57,556 - [Prompt] Board ID（1-160）:
2025-07-10 18:20:09,739 - Traceback (most recent call last):

2025-07-10 18:20:09,743 -   File "C:\Users\HydrogenRb\HydrogenRb\Work\pamir\2025\7 9\PCBtest.py", line 394, in <module>
    main()
    ~~~~^^

2025-07-10 18:20:09,744 -   File "C:\Users\HydrogenRb\HydrogenRb\Work\pamir\2025\7 9\PCBtest.py", line 387, in main
    save_results(wb, ws, prompt_board_id(), run_tests())
                         ~~~~~~~~~~~~~~~^^

2025-07-10 18:20:09,744 -   File "C:\Users\HydrogenRb\HydrogenRb\Work\pamir\2025\7 9\PCBtest.py", line 87, in prompt_board_id
    board_id = int(logged_input(f"Board ID（{ID_RANGE.start}-{ID_RANGE.stop-1}）:"))
                   ~~~~~~~~~~~~^^^^^^^^^^^^^^^^^^^^^^^^^^^^^^^^^^^^^^^^^^^^^^^^^^^^

2025-07-10 18:20:09,744 -   File "C:\Users\HydrogenRb\HydrogenRb\Work\pamir\2025\7 9\PCBtest.py", line 60, in logged_input
    user_input = sys.stdin.readline().rstrip('\n')
                 ~~~~~~~~~~~~~~~~~~^^

2025-07-10 18:20:09,745 - KeyboardInterrupt

