2025-07-10 16:02:33,742 - [Prompt] Board ID（1-160）:
2025-07-10 16:02:34,654 - [User Input] 44
2025-07-10 16:02:34,659 - Init the Score board...

2025-07-10 16:02:34,660 - Number of test: 19
2025-07-10 16:02:34,660 - 
====================-----=====-----=====-----====================

2025-07-10 16:02:34,660 - Please hold down the SAM-BOOT button and then connect the device with a USB cable.

2025-07-10 16:02:34,660 - ====================-----=====-----=====-----====================


2025-07-10 16:02:34,661 - Waiting for RP2040 device connection...

2025-07-10 16:02:34,662 - Detected RP2040 device.

2025-07-10 16:02:34,697 - flash_nuke.uf2 uploaded successfully.
2025-07-10 16:02:34,697 - Waiting for RP2040 device to reconnect...

2025-07-10 16:02:47,502 - RPI_PICO-20240222-v1.22.2.uf2 uploaded successfully.

2025-07-10 16:02:47,708 - mpremote 设备已连接。

2025-07-10 16:02:50,762 - eink_driver_sam.py uploaded successfully via mpremote.

2025-07-10 16:02:52,153 - loading1.bin uploaded successfully via mpremote.

2025-07-10 16:02:53,549 - loading2.bin uploaded successfully via mpremote.

2025-07-10 16:02:54,681 - main.py uploaded successfully via mpremote.

2025-07-10 16:02:55,179 - upload.sh uploaded successfully via mpremote.

2025-07-10 16:02:56,601 - white.bin uploaded successfully via mpremote.

2025-07-10 16:02:56,612 - 已向 COM8 发送1200bps重启信号。

2025-07-10 16:02:58,640 - 
====================-----=====-----=====-----====================

2025-07-10 16:02:58,641 - Unplug

2025-07-10 16:02:58,641 - Please insert the CM5 module into the board.

2025-07-10 16:02:58,641 - Hold the CM5-boot and plug USB.

2025-07-10 16:02:58,641 - ====================-----=====-----=====-----====================


2025-07-10 16:03:01,642 - 
+++++++++++++++++++++++++++++++++++++++++++++++++++++++++++++++

2025-07-10 16:03:01,642 - [Prompt] Check if the Eink flash and display images (y/n):
2025-07-10 16:03:05,832 - [User Input] n
2025-07-10 16:03:05,832 - Eink and flash test failed.

2025-07-10 16:03:05,847 - 
==================== LED 检查 ====================

2025-07-10 16:03:05,847 - 请观察板子上的LED灯状态：
2025-07-10 16:03:05,847 -   - LED1: 顶部前方的LED
2025-07-10 16:03:05,847 -   - LED2: 侧面前方的LED

2025-07-10 16:03:05,847 - 请依次点亮LED1和LED2，并根据实际情况输入结果。
2025-07-10 16:03:05,848 - --------------------------------------------------

2025-07-10 16:03:06,849 - [Prompt] LED1 (top front) 是否正常点亮？(y/n):
2025-07-10 16:03:07,702 - [User Input] y
2025-07-10 16:03:07,702 - LED1 检查通过。

2025-07-10 16:03:07,702 - [Prompt] LED2 (side front) 是否正常点亮？(y/n):
2025-07-10 16:03:09,251 - [User Input] y
2025-07-10 16:03:09,251 - LED2 检查通过。

2025-07-10 16:03:09,251 - LED 检查完成。

2025-07-10 16:03:09,289 - Board ID 44 saved.
2025-07-10 16:03:09,290 - [Prompt] Keep test (y/n):
2025-07-10 16:03:12,801 - [User Input] y
2025-07-10 16:03:12,801 - [Prompt] Board ID（1-160）:
2025-07-10 16:03:26,590 - [User Input] 42
2025-07-10 16:03:26,616 - Init the Score board...

2025-07-10 16:03:26,616 - Number of test: 19
2025-07-10 16:03:26,616 - 
====================-----=====-----=====-----====================

2025-07-10 16:03:26,616 - Please hold down the SAM-BOOT button and then connect the device with a USB cable.

2025-07-10 16:03:26,616 - ====================-----=====-----=====-----====================


2025-07-10 16:03:26,616 - Waiting for RP2040 device connection...

2025-07-10 16:03:26,618 - Detected RP2040 device.

2025-07-10 16:03:26,651 - flash_nuke.uf2 uploaded successfully.
2025-07-10 16:03:26,651 - Waiting for RP2040 device to reconnect...

2025-07-10 16:03:39,883 - RPI_PICO-20240222-v1.22.2.uf2 uploaded successfully.

2025-07-10 16:03:40,244 - mpremote 设备已连接。

2025-07-10 16:03:43,331 - eink_driver_sam.py uploaded successfully via mpremote.

2025-07-10 16:03:44,752 - loading1.bin uploaded successfully via mpremote.

2025-07-10 16:03:46,156 - loading2.bin uploaded successfully via mpremote.

2025-07-10 16:03:47,276 - main.py uploaded successfully via mpremote.

2025-07-10 16:03:47,751 - upload.sh uploaded successfully via mpremote.

2025-07-10 16:03:49,182 - white.bin uploaded successfully via mpremote.

2025-07-10 16:03:49,188 - 已向 COM8 发送1200bps重启信号。

2025-07-10 16:03:51,209 - 
====================-----=====-----=====-----====================

2025-07-10 16:03:51,209 - Unplug

2025-07-10 16:03:51,209 - Please insert the CM5 module into the board.

2025-07-10 16:03:51,209 - Hold the CM5-boot and plug USB.

2025-07-10 16:03:51,209 - ====================-----=====-----=====-----====================


2025-07-10 16:03:54,210 - 
+++++++++++++++++++++++++++++++++++++++++++++++++++++++++++++++

2025-07-10 16:03:54,210 - [Prompt] Check if the Eink flash and display images (y/n):
2025-07-10 16:04:07,910 - [User Input] n
2025-07-10 16:04:07,910 - Eink and flash test failed.

2025-07-10 16:04:07,924 - 
==================== LED 检查 ====================

2025-07-10 16:04:07,924 - 请观察板子上的LED灯状态：
2025-07-10 16:04:07,925 -   - LED1: 顶部前方的LED
2025-07-10 16:04:07,925 -   - LED2: 侧面前方的LED

2025-07-10 16:04:07,925 - 请依次点亮LED1和LED2，并根据实际情况输入结果。
2025-07-10 16:04:07,925 - --------------------------------------------------

2025-07-10 16:04:08,926 - [Prompt] LED1 (top front) 是否正常点亮？(y/n):
2025-07-10 16:04:08,999 - [User Input] y
2025-07-10 16:04:08,999 - LED1 检查通过。

2025-07-10 16:04:08,999 - [Prompt] LED2 (side front) 是否正常点亮？(y/n):
2025-07-10 16:04:09,872 - [User Input] y
2025-07-10 16:04:09,872 - LED2 检查通过。

2025-07-10 16:04:09,872 - LED 检查完成。

2025-07-10 16:04:09,903 - Board ID 42 saved.
2025-07-10 16:04:09,903 - [Prompt] Keep test (y/n):
2025-07-10 16:04:11,312 - [User Input] y
2025-07-10 16:04:11,312 - [Prompt] Board ID（1-160）:
2025-07-10 16:04:14,108 - [User Input] 109
2025-07-10 16:04:14,142 - Init the Score board...

2025-07-10 16:04:14,142 - Number of test: 19
2025-07-10 16:04:14,143 - 
====================-----=====-----=====-----====================

2025-07-10 16:04:14,143 - Please hold down the SAM-BOOT button and then connect the device with a USB cable.

2025-07-10 16:04:14,143 - ====================-----=====-----=====-----====================


2025-07-10 16:04:14,144 - Waiting for RP2040 device connection...

2025-07-10 16:04:21,167 - Detected RP2040 device.

2025-07-10 16:04:21,219 - flash_nuke.uf2 uploaded successfully.
2025-07-10 16:04:21,267 - Waiting for RP2040 device to reconnect...

2025-07-10 16:04:34,074 - RPI_PICO-20240222-v1.22.2.uf2 uploaded successfully.

2025-07-10 16:04:34,296 - mpremote 设备已连接。

2025-07-10 16:04:37,358 - eink_driver_sam.py uploaded successfully via mpremote.

2025-07-10 16:04:38,763 - loading1.bin uploaded successfully via mpremote.

2025-07-10 16:04:40,148 - loading2.bin uploaded successfully via mpremote.

2025-07-10 16:04:41,233 - main.py uploaded successfully via mpremote.

2025-07-10 16:04:41,735 - upload.sh uploaded successfully via mpremote.

2025-07-10 16:04:43,176 - white.bin uploaded successfully via mpremote.

2025-07-10 16:04:43,182 - 已向 COM8 发送1200bps重启信号。

2025-07-10 16:04:45,206 - 
====================-----=====-----=====-----====================

2025-07-10 16:04:45,211 - Unplug

2025-07-10 16:04:45,211 - Please insert the CM5 module into the board.

2025-07-10 16:04:45,212 - Hold the CM5-boot and plug USB.

2025-07-10 16:04:45,213 - ====================-----=====-----=====-----====================


2025-07-10 16:04:48,215 - 
+++++++++++++++++++++++++++++++++++++++++++++++++++++++++++++++

2025-07-10 16:04:48,216 - [Prompt] Check if the Eink flash and display images (y/n):
2025-07-10 16:04:54,475 - [User Input] n
2025-07-10 16:04:54,475 - Eink and flash test failed.

2025-07-10 16:04:54,489 - 
==================== LED 检查 ====================

2025-07-10 16:04:54,490 - 请观察板子上的LED灯状态：
2025-07-10 16:04:54,490 -   - LED1: 顶部前方的LED
2025-07-10 16:04:54,490 -   - LED2: 侧面前方的LED

2025-07-10 16:04:54,490 - 请依次点亮LED1和LED2，并根据实际情况输入结果。
2025-07-10 16:04:54,491 - --------------------------------------------------

2025-07-10 16:04:55,496 - [Prompt] LED1 (top front) 是否正常点亮？(y/n):
2025-07-10 16:04:56,291 - [User Input] y
2025-07-10 16:04:56,292 - LED1 检查通过。

2025-07-10 16:04:56,292 - [Prompt] LED2 (side front) 是否正常点亮？(y/n):
2025-07-10 16:04:56,866 - [User Input] y
2025-07-10 16:04:56,866 - LED2 检查通过。

2025-07-10 16:04:56,866 - LED 检查完成。

2025-07-10 16:04:56,898 - Board ID 109 saved.
2025-07-10 16:04:56,898 - [Prompt] Keep test (y/n):
2025-07-10 16:04:58,535 - [User Input] y
2025-07-10 16:04:58,536 - [Prompt] Board ID（1-160）:
2025-07-10 16:05:01,976 - [User Input] 22
2025-07-10 16:05:02,008 - Init the Score board...

2025-07-10 16:05:02,008 - Number of test: 19
2025-07-10 16:05:02,008 - 
====================-----=====-----=====-----====================

2025-07-10 16:05:02,008 - Please hold down the SAM-BOOT button and then connect the device with a USB cable.

2025-07-10 16:05:02,009 - ====================-----=====-----=====-----====================


2025-07-10 16:05:02,009 - Waiting for RP2040 device connection...

2025-07-10 16:05:08,017 - Detected RP2040 device.

2025-07-10 16:05:08,055 - flash_nuke.uf2 uploaded successfully.
2025-07-10 16:05:08,080 - Waiting for RP2040 device to reconnect...

2025-07-10 16:05:20,811 - RPI_PICO-20240222-v1.22.2.uf2 uploaded successfully.

2025-07-10 16:05:20,989 - mpremote 设备已连接。

2025-07-10 16:05:23,996 - eink_driver_sam.py uploaded successfully via mpremote.

2025-07-10 16:05:25,414 - loading1.bin uploaded successfully via mpremote.

2025-07-10 16:05:26,833 - loading2.bin uploaded successfully via mpremote.

2025-07-10 16:05:27,945 - main.py uploaded successfully via mpremote.

2025-07-10 16:05:28,442 - upload.sh uploaded successfully via mpremote.

2025-07-10 16:05:29,883 - white.bin uploaded successfully via mpremote.

2025-07-10 16:05:29,889 - 已向 COM8 发送1200bps重启信号。

2025-07-10 16:05:31,909 - 
====================-----=====-----=====-----====================

2025-07-10 16:05:31,909 - Unplug

2025-07-10 16:05:31,909 - Please insert the CM5 module into the board.

2025-07-10 16:05:31,909 - Hold the CM5-boot and plug USB.

2025-07-10 16:05:31,909 - ====================-----=====-----=====-----====================


2025-07-10 16:05:34,913 - 
+++++++++++++++++++++++++++++++++++++++++++++++++++++++++++++++

2025-07-10 16:05:34,938 - [Prompt] Check if the Eink flash and display images (y/n):
2025-07-10 16:05:50,221 - [User Input] n
2025-07-10 16:05:50,222 - Eink and flash test failed.

2025-07-10 16:05:50,236 - 
==================== LED 检查 ====================

2025-07-10 16:05:50,236 - 请观察板子上的LED灯状态：
2025-07-10 16:05:50,237 -   - LED1: 顶部前方的LED
2025-07-10 16:05:50,237 -   - LED2: 侧面前方的LED

2025-07-10 16:05:50,238 - 请依次点亮LED1和LED2，并根据实际情况输入结果。
2025-07-10 16:05:50,238 - --------------------------------------------------

2025-07-10 16:05:51,242 - [Prompt] LED1 (top front) 是否正常点亮？(y/n):
2025-07-10 16:05:52,126 - [User Input] y
2025-07-10 16:05:52,126 - LED1 检查通过。

2025-07-10 16:05:52,126 - [Prompt] LED2 (side front) 是否正常点亮？(y/n):
2025-07-10 16:05:52,843 - [User Input] y
2025-07-10 16:05:52,843 - LED2 检查通过。

2025-07-10 16:05:52,843 - LED 检查完成。

2025-07-10 16:05:52,877 - Board ID 22 saved.
2025-07-10 16:05:52,877 - [Prompt] Keep test (y/n):
2025-07-10 16:05:53,749 - [User Input] y
2025-07-10 16:05:53,749 - [Prompt] Board ID（1-160）:
2025-07-10 16:06:04,431 - [User Input] 106
2025-07-10 16:06:04,464 - Init the Score board...

2025-07-10 16:06:04,464 - Number of test: 19
2025-07-10 16:06:04,464 - 
====================-----=====-----=====-----====================

2025-07-10 16:06:04,465 - Please hold down the SAM-BOOT button and then connect the device with a USB cable.

2025-07-10 16:06:04,465 - ====================-----=====-----=====-----====================


2025-07-10 16:06:04,465 - Waiting for RP2040 device connection...

2025-07-10 16:06:09,473 - Detected RP2040 device.

2025-07-10 16:06:09,519 - flash_nuke.uf2 uploaded successfully.
2025-07-10 16:06:09,527 - Waiting for RP2040 device to reconnect...

2025-07-10 16:06:22,384 - RPI_PICO-20240222-v1.22.2.uf2 uploaded successfully.

2025-07-10 16:06:22,681 - mpremote 设备已连接。

2025-07-10 16:06:25,732 - eink_driver_sam.py uploaded successfully via mpremote.

2025-07-10 16:06:27,112 - loading1.bin uploaded successfully via mpremote.

2025-07-10 16:06:28,497 - loading2.bin uploaded successfully via mpremote.

2025-07-10 16:06:29,582 - main.py uploaded successfully via mpremote.

2025-07-10 16:06:30,069 - upload.sh uploaded successfully via mpremote.

2025-07-10 16:06:31,475 - white.bin uploaded successfully via mpremote.

2025-07-10 16:06:31,479 - 已向 COM8 发送1200bps重启信号。

2025-07-10 16:06:33,497 - 
====================-----=====-----=====-----====================

2025-07-10 16:06:33,498 - Unplug

2025-07-10 16:06:33,498 - Please insert the CM5 module into the board.

2025-07-10 16:06:33,498 - Hold the CM5-boot and plug USB.

2025-07-10 16:06:33,498 - ====================-----=====-----=====-----====================


2025-07-10 16:06:36,498 - 
+++++++++++++++++++++++++++++++++++++++++++++++++++++++++++++++

2025-07-10 16:06:36,498 - [Prompt] Check if the Eink flash and display images (y/n):
2025-07-10 16:06:45,730 - [User Input] n
2025-07-10 16:06:45,730 - Eink and flash test failed.

2025-07-10 16:06:45,744 - 
==================== LED 检查 ====================

2025-07-10 16:06:45,744 - 请观察板子上的LED灯状态：
2025-07-10 16:06:45,744 -   - LED1: 顶部前方的LED
2025-07-10 16:06:45,745 -   - LED2: 侧面前方的LED

2025-07-10 16:06:45,745 - 请依次点亮LED1和LED2，并根据实际情况输入结果。
2025-07-10 16:06:45,745 - --------------------------------------------------

2025-07-10 16:06:46,746 - [Prompt] LED1 (top front) 是否正常点亮？(y/n):
2025-07-10 16:06:46,746 - [User Input] y
2025-07-10 16:06:46,747 - LED1 检查通过。

2025-07-10 16:06:46,747 - [Prompt] LED2 (side front) 是否正常点亮？(y/n):
2025-07-10 16:06:52,545 - [User Input] y
2025-07-10 16:06:52,545 - LED2 检查通过。

2025-07-10 16:06:52,545 - LED 检查完成。

2025-07-10 16:06:52,582 - Board ID 106 saved.
2025-07-10 16:06:52,582 - [Prompt] Keep test (y/n):
2025-07-10 16:06:54,837 - [User Input] y
2025-07-10 16:06:54,837 - [Prompt] Board ID（1-160）:
2025-07-10 16:07:01,336 - [User Input] 110
2025-07-10 16:07:01,369 - Init the Score board...

2025-07-10 16:07:01,369 - Number of test: 19
2025-07-10 16:07:01,369 - 
====================-----=====-----=====-----====================

2025-07-10 16:07:01,369 - Please hold down the SAM-BOOT button and then connect the device with a USB cable.

2025-07-10 16:07:01,369 - ====================-----=====-----=====-----====================


2025-07-10 16:07:01,369 - Waiting for RP2040 device connection...

2025-07-10 16:07:05,377 - Detected RP2040 device.

2025-07-10 16:07:05,410 - flash_nuke.uf2 uploaded successfully.
2025-07-10 16:07:05,411 - Waiting for RP2040 device to reconnect...

2025-07-10 16:07:18,249 - RPI_PICO-20240222-v1.22.2.uf2 uploaded successfully.

2025-07-10 16:07:18,467 - mpremote 设备已连接。

2025-07-10 16:07:21,627 - eink_driver_sam.py uploaded successfully via mpremote.

2025-07-10 16:07:23,012 - loading1.bin uploaded successfully via mpremote.

2025-07-10 16:07:24,440 - loading2.bin uploaded successfully via mpremote.

2025-07-10 16:07:25,518 - main.py uploaded successfully via mpremote.

2025-07-10 16:07:25,986 - upload.sh uploaded successfully via mpremote.

2025-07-10 16:07:27,386 - white.bin uploaded successfully via mpremote.

2025-07-10 16:07:27,395 - 已向 COM8 发送1200bps重启信号。

2025-07-10 16:07:29,415 - 
====================-----=====-----=====-----====================

2025-07-10 16:07:29,415 - Unplug

2025-07-10 16:07:29,416 - Please insert the CM5 module into the board.

2025-07-10 16:07:29,416 - Hold the CM5-boot and plug USB.

2025-07-10 16:07:29,416 - ====================-----=====-----=====-----====================


2025-07-10 16:07:32,417 - 
+++++++++++++++++++++++++++++++++++++++++++++++++++++++++++++++

2025-07-10 16:07:32,417 - [Prompt] Check if the Eink flash and display images (y/n):
2025-07-10 16:07:59,793 - [User Input] n
2025-07-10 16:07:59,794 - Eink and flash test failed.

2025-07-10 16:07:59,808 - 
==================== LED 检查 ====================

2025-07-10 16:07:59,808 - 请观察板子上的LED灯状态：
2025-07-10 16:07:59,808 -   - LED1: 顶部前方的LED
2025-07-10 16:07:59,808 -   - LED2: 侧面前方的LED

2025-07-10 16:07:59,808 - 请依次点亮LED1和LED2，并根据实际情况输入结果。
2025-07-10 16:07:59,809 - --------------------------------------------------

2025-07-10 16:08:00,809 - [Prompt] LED1 (top front) 是否正常点亮？(y/n):
2025-07-10 16:08:01,785 - [User Input] y
2025-07-10 16:08:01,786 - LED1 检查通过。

2025-07-10 16:08:01,786 - [Prompt] LED2 (side front) 是否正常点亮？(y/n):
2025-07-10 16:08:02,745 - [User Input] y
2025-07-10 16:08:02,745 - LED2 检查通过。

2025-07-10 16:08:02,745 - LED 检查完成。

2025-07-10 16:08:02,780 - Board ID 110 saved.
2025-07-10 16:08:02,780 - [Prompt] Keep test (y/n):
2025-07-10 16:08:09,471 - [User Input] y
2025-07-10 16:08:09,472 - [Prompt] Board ID（1-160）:
2025-07-10 16:08:19,085 - [User Input] 137
2025-07-10 16:08:19,094 - Init the Score board...

2025-07-10 16:08:19,095 - Number of test: 19
2025-07-10 16:08:19,095 - 
====================-----=====-----=====-----====================

2025-07-10 16:08:19,095 - Please hold down the SAM-BOOT button and then connect the device with a USB cable.

2025-07-10 16:08:19,095 - ====================-----=====-----=====-----====================


2025-07-10 16:08:19,095 - Waiting for RP2040 device connection...

2025-07-10 16:08:26,113 - Detected RP2040 device.

2025-07-10 16:08:26,146 - flash_nuke.uf2 uploaded successfully.
2025-07-10 16:08:26,146 - Waiting for RP2040 device to reconnect...

2025-07-10 16:08:39,039 - RPI_PICO-20240222-v1.22.2.uf2 uploaded successfully.

2025-07-10 16:08:39,241 - mpremote 设备已连接。

2025-07-10 16:08:42,255 - eink_driver_sam.py uploaded successfully via mpremote.

2025-07-10 16:08:43,655 - loading1.bin uploaded successfully via mpremote.

2025-07-10 16:08:45,073 - loading2.bin uploaded successfully via mpremote.

2025-07-10 16:08:46,219 - main.py uploaded successfully via mpremote.

2025-07-10 16:08:46,696 - upload.sh uploaded successfully via mpremote.

2025-07-10 16:08:48,142 - white.bin uploaded successfully via mpremote.

2025-07-10 16:08:48,149 - 已向 COM8 发送1200bps重启信号。

2025-07-10 16:08:50,169 - 
====================-----=====-----=====-----====================

2025-07-10 16:08:50,169 - Unplug

2025-07-10 16:08:50,170 - Please insert the CM5 module into the board.

2025-07-10 16:08:50,171 - Hold the CM5-boot and plug USB.

2025-07-10 16:08:50,172 - ====================-----=====-----=====-----====================


2025-07-10 16:08:53,173 - 
+++++++++++++++++++++++++++++++++++++++++++++++++++++++++++++++

2025-07-10 16:08:53,173 - [Prompt] Check if the Eink flash and display images (y/n):
2025-07-10 16:09:03,578 - [User Input] n
2025-07-10 16:09:03,579 - Eink and flash test failed.

2025-07-10 16:09:03,593 - 
==================== LED 检查 ====================

2025-07-10 16:09:03,593 - 请观察板子上的LED灯状态：
2025-07-10 16:09:03,593 -   - LED1: 顶部前方的LED
2025-07-10 16:09:03,593 -   - LED2: 侧面前方的LED

2025-07-10 16:09:03,594 - 请依次点亮LED1和LED2，并根据实际情况输入结果。
2025-07-10 16:09:03,594 - --------------------------------------------------

2025-07-10 16:09:04,630 - [Prompt] LED1 (top front) 是否正常点亮？(y/n):
2025-07-10 16:09:10,968 - [User Input] y
2025-07-10 16:09:10,968 - LED1 检查通过。

2025-07-10 16:09:10,968 - [Prompt] LED2 (side front) 是否正常点亮？(y/n):
2025-07-10 16:09:11,564 - [User Input] y
2025-07-10 16:09:11,564 - LED2 检查通过。

2025-07-10 16:09:11,565 - LED 检查完成。

2025-07-10 16:09:11,601 - Board ID 137 saved.
2025-07-10 16:09:11,602 - [Prompt] Keep test (y/n):
2025-07-10 16:09:16,738 - [User Input] y
2025-07-10 16:09:16,738 - [Prompt] Board ID（1-160）:
2025-07-10 16:10:17,964 - [User Input] 20
2025-07-10 16:10:18,002 - Init the Score board...

2025-07-10 16:10:18,002 - Number of test: 19
2025-07-10 16:10:18,002 - 
====================-----=====-----=====-----====================

2025-07-10 16:10:18,002 - Please hold down the SAM-BOOT button and then connect the device with a USB cable.

2025-07-10 16:10:18,002 - ====================-----=====-----=====-----====================


2025-07-10 16:10:18,003 - Waiting for RP2040 device connection...

2025-07-10 16:10:25,015 - Detected RP2040 device.

2025-07-10 16:10:25,062 - flash_nuke.uf2 uploaded successfully.
2025-07-10 16:10:25,132 - Waiting for RP2040 device to reconnect...

2025-07-10 16:10:37,794 - RPI_PICO-20240222-v1.22.2.uf2 uploaded successfully.

2025-07-10 16:10:38,002 - mpremote 设备已连接。

2025-07-10 16:10:41,062 - eink_driver_sam.py uploaded successfully via mpremote.

2025-07-10 16:10:42,462 - loading1.bin uploaded successfully via mpremote.

2025-07-10 16:10:43,860 - loading2.bin uploaded successfully via mpremote.

2025-07-10 16:10:44,989 - main.py uploaded successfully via mpremote.

2025-07-10 16:10:45,478 - upload.sh uploaded successfully via mpremote.

2025-07-10 16:10:46,882 - white.bin uploaded successfully via mpremote.

2025-07-10 16:10:46,889 - 已向 COM8 发送1200bps重启信号。

2025-07-10 16:10:48,908 - 
====================-----=====-----=====-----====================

2025-07-10 16:10:48,908 - Unplug

2025-07-10 16:10:48,909 - Please insert the CM5 module into the board.

2025-07-10 16:10:48,909 - Hold the CM5-boot and plug USB.

2025-07-10 16:10:48,909 - ====================-----=====-----=====-----====================


2025-07-10 16:10:51,910 - 
+++++++++++++++++++++++++++++++++++++++++++++++++++++++++++++++

2025-07-10 16:10:51,911 - [Prompt] Check if the Eink flash and display images (y/n):
2025-07-10 16:10:57,129 - [User Input] n
2025-07-10 16:10:57,130 - Eink and flash test failed.

2025-07-10 16:10:57,145 - 
==================== LED 检查 ====================

2025-07-10 16:10:57,146 - 请观察板子上的LED灯状态：
2025-07-10 16:10:57,146 -   - LED1: 顶部前方的LED
2025-07-10 16:10:57,146 -   - LED2: 侧面前方的LED

2025-07-10 16:10:57,146 - 请依次点亮LED1和LED2，并根据实际情况输入结果。
2025-07-10 16:10:57,146 - --------------------------------------------------

2025-07-10 16:10:58,146 - [Prompt] LED1 (top front) 是否正常点亮？(y/n):
2025-07-10 16:10:58,147 - [User Input] y
2025-07-10 16:10:58,147 - LED1 检查通过。

2025-07-10 16:10:58,148 - [Prompt] LED2 (side front) 是否正常点亮？(y/n):
2025-07-10 16:10:59,001 - [User Input] y
2025-07-10 16:10:59,001 - LED2 检查通过。

2025-07-10 16:10:59,001 - LED 检查完成。

2025-07-10 16:10:59,038 - Board ID 20 saved.
2025-07-10 16:10:59,038 - [Prompt] Keep test (y/n):
2025-07-10 16:11:01,086 - [User Input] 108
2025-07-10 16:11:01,087 - Testing completed.
