2025-07-10 15:56:11,938 - [Prompt] Board ID（1-160）:
2025-07-10 15:56:21,927 - [User Input] 111
2025-07-10 15:56:21,935 - Init the Score board...

2025-07-10 15:56:21,935 - Number of test: 19
2025-07-10 15:56:21,935 - 
====================-----=====-----=====-----====================

2025-07-10 15:56:21,935 - Please hold down the SAM-BOOT button and then connect the device with a USB cable.

2025-07-10 15:56:21,936 - ====================-----=====-----=====-----====================


2025-07-10 15:56:21,936 - Waiting for RP2040 device connection...

2025-07-10 15:56:21,938 - Detected RP2040 device.

2025-07-10 15:56:21,972 - flash_nuke.uf2 uploaded successfully.
2025-07-10 15:56:21,973 - Waiting for RP2040 device to reconnect...

2025-07-10 15:56:35,203 - RPI_PICO-20240222-v1.22.2.uf2 uploaded successfully.

2025-07-10 15:56:35,551 - mpremote 设备已连接。

2025-07-10 15:56:38,610 - eink_driver_sam.py uploaded successfully via mpremote.

2025-07-10 15:56:40,030 - loading1.bin uploaded successfully via mpremote.

2025-07-10 15:56:41,454 - loading2.bin uploaded successfully via mpremote.

2025-07-10 15:56:42,560 - main.py uploaded successfully via mpremote.

2025-07-10 15:56:43,063 - upload.sh uploaded successfully via mpremote.

2025-07-10 15:56:44,513 - white.bin uploaded successfully via mpremote.

2025-07-10 15:56:44,519 - 已向 COM8 发送1200bps重启信号。

2025-07-10 15:56:46,545 - 
====================-----=====-----=====-----====================

2025-07-10 15:56:46,545 - Unplug

2025-07-10 15:56:46,545 - Please insert the CM5 module into the board.

2025-07-10 15:56:46,545 - Hold the CM5-boot and plug USB.

2025-07-10 15:56:46,545 - ====================-----=====-----=====-----====================


2025-07-10 15:56:49,546 - 
+++++++++++++++++++++++++++++++++++++++++++++++++++++++++++++++

2025-07-10 15:56:49,547 - [Prompt] Check if the Eink flash and display images (y/n):
2025-07-10 15:57:23,124 - [User Input] n
2025-07-10 15:57:23,124 - Eink and flash test failed.

2025-07-10 15:57:23,138 - 
==================== LED 检查 ====================

2025-07-10 15:57:23,139 - 请观察板子上的LED灯状态：
2025-07-10 15:57:23,139 -   - LED1: 顶部前方的LED
2025-07-10 15:57:23,139 -   - LED2: 侧面前方的LED

2025-07-10 15:57:23,139 - 请依次点亮LED1和LED2，并根据实际情况输入结果。
2025-07-10 15:57:23,139 - --------------------------------------------------

2025-07-10 15:57:24,142 - [Prompt] LED1 (top front) 是否正常点亮？(y/n):
2025-07-10 15:57:26,135 - [User Input] y
2025-07-10 15:57:26,135 - LED1 检查通过。

2025-07-10 15:57:26,136 - [Prompt] LED2 (side front) 是否正常点亮？(y/n):
2025-07-10 15:57:29,391 - [User Input] y
2025-07-10 15:57:29,391 - LED2 检查通过。

2025-07-10 15:57:29,391 - LED 检查完成。

2025-07-10 15:57:29,426 - Board ID 111 saved.
2025-07-10 15:57:29,426 - [Prompt] Keep test (y/n):
2025-07-10 15:57:32,307 - [User Input] y
2025-07-10 15:57:32,307 - [Prompt] Board ID（1-160）:
2025-07-10 15:58:10,022 - [User Input] 68
2025-07-10 15:58:10,029 - Init the Score board...

2025-07-10 15:58:10,030 - Number of test: 19
2025-07-10 15:58:10,030 - 
====================-----=====-----=====-----====================

2025-07-10 15:58:10,030 - Please hold down the SAM-BOOT button and then connect the device with a USB cable.

2025-07-10 15:58:10,030 - ====================-----=====-----=====-----====================


2025-07-10 15:58:10,030 - Waiting for RP2040 device connection...

2025-07-10 15:58:15,037 - Detected RP2040 device.

2025-07-10 15:58:15,071 - flash_nuke.uf2 uploaded successfully.
2025-07-10 15:58:15,072 - Waiting for RP2040 device to reconnect...

2025-07-10 15:58:27,807 - RPI_PICO-20240222-v1.22.2.uf2 uploaded successfully.

2025-07-10 15:58:28,000 - mpremote 设备已连接。

2025-07-10 15:58:31,016 - eink_driver_sam.py uploaded successfully via mpremote.

2025-07-10 15:58:32,402 - loading1.bin uploaded successfully via mpremote.

2025-07-10 15:58:33,790 - loading2.bin uploaded successfully via mpremote.

2025-07-10 15:58:34,866 - main.py uploaded successfully via mpremote.

2025-07-10 15:58:35,331 - upload.sh uploaded successfully via mpremote.

2025-07-10 15:58:36,748 - white.bin uploaded successfully via mpremote.

2025-07-10 15:58:36,754 - 已向 COM8 发送1200bps重启信号。

2025-07-10 15:58:38,767 - 
====================-----=====-----=====-----====================

2025-07-10 15:58:38,767 - Unplug

2025-07-10 15:58:38,767 - Please insert the CM5 module into the board.

2025-07-10 15:58:38,767 - Hold the CM5-boot and plug USB.

2025-07-10 15:58:38,767 - ====================-----=====-----=====-----====================


2025-07-10 15:58:41,768 - 
+++++++++++++++++++++++++++++++++++++++++++++++++++++++++++++++

2025-07-10 15:58:41,768 - [Prompt] Check if the Eink flash and display images (y/n):
2025-07-10 15:58:49,669 - [User Input] n
2025-07-10 15:58:49,669 - Eink and flash test failed.

2025-07-10 15:58:49,684 - 
==================== LED 检查 ====================

2025-07-10 15:58:49,684 - 请观察板子上的LED灯状态：
2025-07-10 15:58:49,684 -   - LED1: 顶部前方的LED
2025-07-10 15:58:49,685 -   - LED2: 侧面前方的LED

2025-07-10 15:58:49,685 - 请依次点亮LED1和LED2，并根据实际情况输入结果。
2025-07-10 15:58:49,685 - --------------------------------------------------

2025-07-10 15:58:50,696 - [Prompt] LED1 (top front) 是否正常点亮？(y/n):
2025-07-10 15:58:53,156 - [User Input] y
2025-07-10 15:58:53,156 - LED1 检查通过。

2025-07-10 15:58:53,156 - [Prompt] LED2 (side front) 是否正常点亮？(y/n):
2025-07-10 15:58:53,664 - [User Input] y
2025-07-10 15:58:53,664 - LED2 检查通过。

2025-07-10 15:58:53,665 - LED 检查完成。

2025-07-10 15:58:53,701 - Board ID 68 saved.
2025-07-10 15:58:53,701 - [Prompt] Keep test (y/n):
2025-07-10 15:58:55,357 - [User Input] y
2025-07-10 15:58:55,357 - [Prompt] Board ID（1-160）:
2025-07-10 15:59:19,585 - [User Input] 70
2025-07-10 15:59:19,617 - Init the Score board...

2025-07-10 15:59:19,617 - Number of test: 19
2025-07-10 15:59:19,617 - 
====================-----=====-----=====-----====================

2025-07-10 15:59:19,617 - Please hold down the SAM-BOOT button and then connect the device with a USB cable.

2025-07-10 15:59:19,618 - ====================-----=====-----=====-----====================


2025-07-10 15:59:19,618 - Waiting for RP2040 device connection...

2025-07-10 15:59:19,619 - Detected RP2040 device.

2025-07-10 15:59:19,653 - flash_nuke.uf2 uploaded successfully.
2025-07-10 15:59:19,653 - Waiting for RP2040 device to reconnect...

2025-07-10 15:59:32,303 - RPI_PICO-20240222-v1.22.2.uf2 uploaded successfully.

2025-07-10 15:59:32,528 - mpremote 设备已连接。

2025-07-10 15:59:35,609 - eink_driver_sam.py uploaded successfully via mpremote.

2025-07-10 15:59:37,023 - loading1.bin uploaded successfully via mpremote.

2025-07-10 15:59:38,418 - loading2.bin uploaded successfully via mpremote.

2025-07-10 15:59:39,512 - main.py uploaded successfully via mpremote.

2025-07-10 15:59:40,008 - upload.sh uploaded successfully via mpremote.

2025-07-10 15:59:41,395 - white.bin uploaded successfully via mpremote.

2025-07-10 15:59:41,400 - 已向 COM8 发送1200bps重启信号。

2025-07-10 15:59:43,417 - 
====================-----=====-----=====-----====================

2025-07-10 15:59:43,417 - Unplug

2025-07-10 15:59:43,418 - Please insert the CM5 module into the board.

2025-07-10 15:59:43,418 - Hold the CM5-boot and plug USB.

2025-07-10 15:59:43,418 - ====================-----=====-----=====-----====================


2025-07-10 15:59:46,419 - 
+++++++++++++++++++++++++++++++++++++++++++++++++++++++++++++++

2025-07-10 15:59:46,419 - [Prompt] Check if the Eink flash and display images (y/n):
2025-07-10 15:59:48,964 - [User Input] n
2025-07-10 15:59:48,964 - Eink and flash test failed.

2025-07-10 15:59:48,979 - 
==================== LED 检查 ====================

2025-07-10 15:59:48,980 - 请观察板子上的LED灯状态：
2025-07-10 15:59:48,980 -   - LED1: 顶部前方的LED
2025-07-10 15:59:48,980 -   - LED2: 侧面前方的LED

2025-07-10 15:59:48,980 - 请依次点亮LED1和LED2，并根据实际情况输入结果。
2025-07-10 15:59:48,981 - --------------------------------------------------

2025-07-10 15:59:49,981 - [Prompt] LED1 (top front) 是否正常点亮？(y/n):
2025-07-10 15:59:56,055 - [User Input] y
2025-07-10 15:59:56,055 - LED1 检查通过。

2025-07-10 15:59:56,055 - [Prompt] LED2 (side front) 是否正常点亮？(y/n):
2025-07-10 15:59:57,040 - [User Input] y
2025-07-10 15:59:57,041 - LED2 检查通过。

2025-07-10 15:59:57,041 - LED 检查完成。

2025-07-10 15:59:57,074 - Board ID 70 saved.
2025-07-10 15:59:57,075 - [Prompt] Keep test (y/n):
2025-07-10 15:59:59,720 - [User Input] y
2025-07-10 15:59:59,721 - [Prompt] Board ID（1-160）:
2025-07-10 16:00:05,496 - [User Input] 107
2025-07-10 16:00:05,534 - Init the Score board...

2025-07-10 16:00:05,534 - Number of test: 19
2025-07-10 16:00:05,534 - 
====================-----=====-----=====-----====================

2025-07-10 16:00:05,534 - Please hold down the SAM-BOOT button and then connect the device with a USB cable.

2025-07-10 16:00:05,535 - ====================-----=====-----=====-----====================


2025-07-10 16:00:05,535 - Waiting for RP2040 device connection...

2025-07-10 16:00:10,543 - Detected RP2040 device.

2025-07-10 16:00:10,581 - flash_nuke.uf2 uploaded successfully.
2025-07-10 16:00:10,581 - Waiting for RP2040 device to reconnect...

2025-07-10 16:00:23,446 - RPI_PICO-20240222-v1.22.2.uf2 uploaded successfully.

2025-07-10 16:00:23,670 - mpremote 设备已连接。

2025-07-10 16:00:26,693 - eink_driver_sam.py uploaded successfully via mpremote.

2025-07-10 16:00:28,076 - loading1.bin uploaded successfully via mpremote.

2025-07-10 16:00:29,512 - loading2.bin uploaded successfully via mpremote.

2025-07-10 16:00:30,659 - main.py uploaded successfully via mpremote.

2025-07-10 16:00:31,130 - upload.sh uploaded successfully via mpremote.

2025-07-10 16:00:32,528 - white.bin uploaded successfully via mpremote.

2025-07-10 16:00:32,534 - 已向 COM8 发送1200bps重启信号。

2025-07-10 16:00:34,565 - 
====================-----=====-----=====-----====================

2025-07-10 16:00:34,567 - Unplug

2025-07-10 16:00:34,568 - Please insert the CM5 module into the board.

2025-07-10 16:00:34,569 - Hold the CM5-boot and plug USB.

2025-07-10 16:00:34,579 - ====================-----=====-----=====-----====================


2025-07-10 16:00:37,580 - 
+++++++++++++++++++++++++++++++++++++++++++++++++++++++++++++++

2025-07-10 16:00:37,580 - [Prompt] Check if the Eink flash and display images (y/n):
2025-07-10 16:00:46,353 - [User Input] n
2025-07-10 16:00:46,353 - Eink and flash test failed.

2025-07-10 16:00:46,368 - 
==================== LED 检查 ====================

2025-07-10 16:00:46,368 - 请观察板子上的LED灯状态：
2025-07-10 16:00:46,368 -   - LED1: 顶部前方的LED
2025-07-10 16:00:46,369 -   - LED2: 侧面前方的LED

2025-07-10 16:00:46,369 - 请依次点亮LED1和LED2，并根据实际情况输入结果。
2025-07-10 16:00:46,369 - --------------------------------------------------

2025-07-10 16:00:47,369 - [Prompt] LED1 (top front) 是否正常点亮？(y/n):
2025-07-10 16:00:58,644 - [User Input] y
2025-07-10 16:00:58,645 - LED1 检查通过。

2025-07-10 16:00:58,645 - [Prompt] LED2 (side front) 是否正常点亮？(y/n):
2025-07-10 16:00:59,581 - [User Input] y
2025-07-10 16:00:59,581 - LED2 检查通过。

2025-07-10 16:00:59,581 - LED 检查完成。

2025-07-10 16:00:59,615 - Board ID 107 saved.
2025-07-10 16:00:59,615 - [Prompt] Keep test (y/n):
2025-07-10 16:01:10,708 - [User Input] y
2025-07-10 16:01:10,708 - [Prompt] Board ID（1-160）:
2025-07-10 16:01:12,327 - [User Input] 108
2025-07-10 16:01:12,361 - Init the Score board...

2025-07-10 16:01:12,361 - Number of test: 19
2025-07-10 16:01:12,362 - 
====================-----=====-----=====-----====================

2025-07-10 16:01:12,362 - Please hold down the SAM-BOOT button and then connect the device with a USB cable.

2025-07-10 16:01:12,362 - ====================-----=====-----=====-----====================


2025-07-10 16:01:12,362 - Waiting for RP2040 device connection...

2025-07-10 16:01:12,363 - Detected RP2040 device.

2025-07-10 16:01:12,397 - flash_nuke.uf2 uploaded successfully.
2025-07-10 16:01:12,397 - Waiting for RP2040 device to reconnect...

2025-07-10 16:01:25,176 - RPI_PICO-20240222-v1.22.2.uf2 uploaded successfully.

2025-07-10 16:01:25,406 - mpremote 设备已连接。

2025-07-10 16:01:28,445 - eink_driver_sam.py uploaded successfully via mpremote.

2025-07-10 16:01:29,860 - loading1.bin uploaded successfully via mpremote.

2025-07-10 16:01:31,279 - loading2.bin uploaded successfully via mpremote.

2025-07-10 16:01:32,401 - main.py uploaded successfully via mpremote.

2025-07-10 16:01:32,915 - upload.sh uploaded successfully via mpremote.

2025-07-10 16:01:34,348 - white.bin uploaded successfully via mpremote.

2025-07-10 16:01:34,356 - 已向 COM8 发送1200bps重启信号。

2025-07-10 16:01:36,374 - 
====================-----=====-----=====-----====================

2025-07-10 16:01:36,374 - Unplug

2025-07-10 16:01:36,374 - Please insert the CM5 module into the board.

2025-07-10 16:01:36,374 - Hold the CM5-boot and plug USB.

2025-07-10 16:01:36,375 - ====================-----=====-----=====-----====================


2025-07-10 16:01:39,375 - 
+++++++++++++++++++++++++++++++++++++++++++++++++++++++++++++++

2025-07-10 16:01:39,376 - [Prompt] Check if the Eink flash and display images (y/n):
2025-07-10 16:01:48,483 - [User Input] n
2025-07-10 16:01:48,483 - Eink and flash test failed.

2025-07-10 16:01:48,499 - 
==================== LED 检查 ====================

2025-07-10 16:01:48,499 - 请观察板子上的LED灯状态：
2025-07-10 16:01:48,499 -   - LED1: 顶部前方的LED
2025-07-10 16:01:48,500 -   - LED2: 侧面前方的LED

2025-07-10 16:01:48,500 - 请依次点亮LED1和LED2，并根据实际情况输入结果。
2025-07-10 16:01:48,500 - --------------------------------------------------

2025-07-10 16:01:49,501 - [Prompt] LED1 (top front) 是否正常点亮？(y/n):
2025-07-10 16:01:53,432 - [User Input] y
2025-07-10 16:01:53,432 - LED1 检查通过。

2025-07-10 16:01:53,432 - [Prompt] LED2 (side front) 是否正常点亮？(y/n):
2025-07-10 16:01:53,921 - [User Input] y
2025-07-10 16:01:53,921 - LED2 检查通过。

2025-07-10 16:01:53,921 - LED 检查完成。

2025-07-10 16:01:53,959 - Board ID 108 saved.
2025-07-10 16:01:53,959 - [Prompt] Keep test (y/n):
2025-07-10 16:02:10,644 - [User Input] y
2025-07-10 16:02:10,644 - [Prompt] Board ID（1-160）:
2025-07-10 16:02:11,633 - [User Input] 4
2025-07-10 16:02:11,682 - Init the Score board...

2025-07-10 16:02:11,682 - Number of test: 19
2025-07-10 16:02:11,683 - 
====================-----=====-----=====-----====================

2025-07-10 16:02:11,683 - Please hold down the SAM-BOOT button and then connect the device with a USB cable.

2025-07-10 16:02:11,684 - ====================-----=====-----=====-----====================


2025-07-10 16:02:11,684 - Waiting for RP2040 device connection...

2025-07-10 16:02:11,685 - Detected RP2040 device.

2025-07-10 16:02:11,719 - flash_nuke.uf2 uploaded successfully.
2025-07-10 16:02:11,719 - Waiting for RP2040 device to reconnect...

2025-07-10 16:02:16,012 - Traceback (most recent call last):

2025-07-10 16:02:16,014 -   File "C:\Users\HydrogenRb\HydrogenRb\Work\pamir\2025\7 9\PCBtest.py", line 394, in <module>
    main()
    ~~~~^^

2025-07-10 16:02:16,016 -   File "C:\Users\HydrogenRb\HydrogenRb\Work\pamir\2025\7 9\PCBtest.py", line 387, in main
    save_results(wb, ws, prompt_board_id(), run_tests())
                                            ~~~~~~~~~^^

2025-07-10 16:02:16,017 -   File "C:\Users\HydrogenRb\HydrogenRb\Work\pamir\2025\7 9\PCBtest.py", line 360, in run_tests
    Nuke_RP2040()
    ~~~~~~~~~~~^^

2025-07-10 16:02:16,018 -   File "C:\Users\HydrogenRb\HydrogenRb\Work\pamir\2025\7 9\PCBtest.py", line 181, in Nuke_RP2040
    time.sleep(1)
    ~~~~~~~~~~^^^

2025-07-10 16:02:16,018 - KeyboardInterrupt

